[22:55:42][Dip-Notebook]:~/Documents/project$ git status
On branch master

No commits yet

Untracked files:
  (use "git add <file>..." to include in what will be committed)
	name.txt

nothing added to commit but untracked files present (use "git add" to track)
[22:55:52][Dip-Notebook]:~/Documents/project$ git add name.txt
[23:04:34][Dip-Notebook]:~/Documents/project$ git status
On branch master

No commits yet

Changes to be committed:
  (use "git rm --cached <file>..." to unstage)
	new file:   name.txt

[23:04:43][Dip-Notebook]:~/Documents/project$ git commit -m "name.txt file added"
Author identity unknown

*** Please tell me who you are.

Run

  git config --global user.email "you@example.com"
  git config --global user.name "Your Name"

to set your account's default identity.
Omit --global to set the identity only in this repository.

fatal: unable to auto-detect email address (got 'linux-notebook@linux-notebook.(none)')
[23:05:28][Dip-Notebook]:~/Documents/project$ git status
On branch master

No commits yet

Changes to be committed:
  (use "git rm --cached <file>..." to unstage)
	new file:   name.txt

